2025-04-19 03:05:38.345 [info] Extension host with pid 42678 started
2025-04-19 03:05:38.345 [error] Error: EEXIST: file already exists, open '/home/ubuntu/.local/share/code-server/User/workspaceStorage/-3c81b02a/vscode.lock'
2025-04-19 03:05:38.351 [info] Lock '/home/ubuntu/.local/share/code-server/User/workspaceStorage/-3c81b02a/vscode.lock': Could not acquire lock, checking if the file is stale.
2025-04-19 03:05:38.358 [info] Lock '/home/ubuntu/.local/share/code-server/User/workspaceStorage/-3c81b02a/vscode.lock': The lock does not look stale, elapsed: 173 ms, giving up.
2025-04-19 03:05:38.369 [error] Error: EEXIST: file already exists, open '/home/ubuntu/.local/share/code-server/User/workspaceStorage/-3c81b02a-1/vscode.lock'
2025-04-19 03:05:38.372 [info] Lock '/home/ubuntu/.local/share/code-server/User/workspaceStorage/-3c81b02a-1/vscode.lock': Could not acquire lock, checking if the file is stale.
2025-04-19 03:05:38.372 [info] Lock '/home/ubuntu/.local/share/code-server/User/workspaceStorage/-3c81b02a-1/vscode.lock': The lock does not look stale, elapsed: 971 ms, giving up.
2025-04-19 03:05:38.377 [info] Lock '/home/ubuntu/.local/share/code-server/User/workspaceStorage/-3c81b02a-2/vscode.lock': Lock acquired.
2025-04-19 03:05:38.872 [info] ExtensionService#_doActivateExtension vscode.extension-editing, startup: false, activationEvent: 'onLanguage:markdown'
2025-04-19 03:05:38.874 [info] ExtensionService#_doActivateExtension vscode.markdown-language-features, startup: false, activationEvent: 'onLanguage:markdown'
2025-04-19 03:05:38.874 [info] ExtensionService#_doActivateExtension vscode.emmet, startup: false, activationEvent: 'onLanguage'
2025-04-19 03:05:39.364 [info] ExtensionService#_doActivateExtension vscode.configuration-editing, startup: false, activationEvent: 'onLanguage:jsonc'
2025-04-19 03:05:39.364 [info] ExtensionService#_doActivateExtension vscode.json-language-features, startup: false, activationEvent: 'onLanguage:jsonc'
2025-04-19 03:05:39.364 [info] ExtensionService#_doActivateExtension vscode.typescript-language-features, startup: false, activationEvent: 'onLanguage:jsonc'
2025-04-19 03:05:39.753 [info] ExtensionService#_doActivateExtension vscode.git-base, startup: true, activationEvent: '*', root cause: vscode.git
2025-04-19 03:05:40.027 [info] ExtensionService#_doActivateExtension vscode.git, startup: true, activationEvent: '*'
2025-04-19 03:05:40.028 [info] ExtensionService#_doActivateExtension vscode.github, startup: true, activationEvent: '*'
2025-04-19 03:05:40.238 [info] ExtensionService#_doActivateExtension vscode.markdown-math, startup: false, activationEvent: 'api', root cause: vscode.markdown-language-features
2025-04-19 03:05:40.739 [info] Eager extensions activated
2025-04-19 03:05:40.739 [info] ExtensionService#_doActivateExtension vscode.debug-auto-launch, startup: false, activationEvent: 'onStartupFinished'
2025-04-19 03:05:40.740 [info] ExtensionService#_doActivateExtension vscode.merge-conflict, startup: false, activationEvent: 'onStartupFinished'
2025-04-19 03:05:41.428 [warning] [Decorations] CAPPING events from decorations provider vscode.git 10000
2025-04-19 03:05:43.216 [info] ExtensionService#_doActivateExtension vscode.github-authentication, startup: false, activationEvent: 'onAuthenticationRequest:github'
2025-04-19 03:05:43.494 [warning] [Decorations] CAPPING events from decorations provider vscode.git 10000
2025-04-19 03:06:38.810 [info] ExtensionService#_doActivateExtension vscode.npm, startup: false, activationEvent: 'onTerminalQuickFixRequest:ms-vscode.npm-command'
2025-04-19 03:09:10.862 [warning] [Decorations] CAPPING events from decorations provider vscode.git 10018
