2025-04-19 02:09:49.382 [info] Extension host with pid 12859 started
2025-04-19 02:09:49.382 [error] Error: EEXIST: file already exists, open '/home/ubuntu/.local/share/code-server/User/workspaceStorage/-3c81b02a/vscode.lock'
2025-04-19 02:09:49.387 [info] Lock '/home/ubuntu/.local/share/code-server/User/workspaceStorage/-3c81b02a/vscode.lock': Could not acquire lock, checking if the file is stale.
2025-04-19 02:09:49.392 [info] Lock '/home/ubuntu/.local/share/code-server/User/workspaceStorage/-3c81b02a/vscode.lock': The lock does not look stale, elapsed: 127 ms, giving up.
2025-04-19 02:09:49.393 [error] Error: EEXIST: file already exists, open '/home/ubuntu/.local/share/code-server/User/workspaceStorage/-3c81b02a-1/vscode.lock'
2025-04-19 02:09:49.394 [info] Lock '/home/ubuntu/.local/share/code-server/User/workspaceStorage/-3c81b02a-1/vscode.lock': Could not acquire lock, checking if the file is stale.
2025-04-19 02:09:49.395 [info] Lock '/home/ubuntu/.local/share/code-server/User/workspaceStorage/-3c81b02a-1/vscode.lock': The lock does not look stale, elapsed: 265 ms, giving up.
2025-04-19 02:09:49.433 [info] Lock '/home/ubuntu/.local/share/code-server/User/workspaceStorage/-3c81b02a-2/vscode.lock': Lock acquired.
2025-04-19 02:09:49.742 [info] ExtensionService#_doActivateExtension vscode.git-base, startup: true, activationEvent: '*', root cause: vscode.git
2025-04-19 02:09:50.013 [info] ExtensionService#_doActivateExtension vscode.git, startup: true, activationEvent: '*'
2025-04-19 02:09:50.013 [info] ExtensionService#_doActivateExtension vscode.github, startup: true, activationEvent: '*'
2025-04-19 02:09:50.515 [info] Eager extensions activated
2025-04-19 02:09:50.516 [info] ExtensionService#_doActivateExtension vscode.debug-auto-launch, startup: false, activationEvent: 'onStartupFinished'
2025-04-19 02:09:50.516 [info] ExtensionService#_doActivateExtension vscode.merge-conflict, startup: false, activationEvent: 'onStartupFinished'
2025-04-19 02:09:50.905 [info] ExtensionService#_doActivateExtension vscode.emmet, startup: false, activationEvent: 'onLanguage'
2025-04-19 02:09:50.960 [info] ExtensionService#_doActivateExtension vscode.github-authentication, startup: false, activationEvent: 'onAuthenticationRequest:github'
2025-04-19 02:11:01.794 [info] ExtensionService#_doActivateExtension vscode.extension-editing, startup: false, activationEvent: 'onLanguage:markdown'
2025-04-19 02:11:01.794 [info] ExtensionService#_doActivateExtension vscode.markdown-language-features, startup: false, activationEvent: 'onLanguage:markdown'
2025-04-19 02:11:02.879 [info] ExtensionService#_doActivateExtension vscode.markdown-math, startup: false, activationEvent: 'api', root cause: vscode.markdown-language-features
2025-04-19 02:11:53.465 [info] ExtensionService#_doActivateExtension vscode.debug-server-ready, startup: false, activationEvent: 'onDebugResolve'
2025-04-19 02:47:44.127 [error] Error: read ETIMEDOUT
	at TCP.onStreamRead (node:internal/stream_base_commons:218:20)
