0 verbose cli /home/ubuntu/.nvm/versions/node/v22.13.0/bin/node /home/ubuntu/.nvm/versions/node/v22.13.0/bin/npm
1 info using npm@10.9.2
2 info using node@v22.13.0
3 silly config load:file:/home/ubuntu/.nvm/versions/node/v22.13.0/lib/node_modules/npm/npmrc
4 silly config load:file:/home/ubuntu/user-access-management-system/frontend/.npmrc
5 silly config load:file:/home/ubuntu/.npmrc
6 silly config load:file:/home/ubuntu/.nvm/versions/node/v22.13.0/etc/npmrc
7 verbose title npm install @testing-library/dom@^10.4.0 @testing-library/jest-dom@^6.6.3 @testing-library/react@^16.1.0 @testing-library/user-event@^13.2.1 @types/jest@^27.0.1 @types/node@^16.7.13 @types/react@^19.0.0 @types/react-dom@^19.0.0 typescript@^4.4.2 web-vitals@^2.1.0
8 verbose argv "install" "--no-audit" "--save" "@testing-library/dom@^10.4.0" "@testing-library/jest-dom@^6.6.3" "@testing-library/react@^16.1.0" "@testing-library/user-event@^13.2.1" "@types/jest@^27.0.1" "@types/node@^16.7.13" "@types/react@^19.0.0" "@types/react-dom@^19.0.0" "typescript@^4.4.2" "web-vitals@^2.1.0"
9 verbose logfile logs-max:10 dir:/home/ubuntu/.npm/_logs/2025-04-18T15_33_01_168Z-
10 verbose logfile /home/ubuntu/.npm/_logs/2025-04-18T15_33_01_168Z-debug-0.log
11 silly logfile done cleaning log files
12 silly packumentCache heap:2117074944 maxSize:529268736 maxEntrySize:264634368
13 silly idealTree buildDeps
14 silly fetch manifest @testing-library/dom@^10.4.0
15 silly packumentCache full:https://registry.npmjs.org/@testing-library%2fdom cache-miss
16 http fetch GET 200 https://registry.npmjs.org/@testing-library%2fdom 739ms (cache miss)
17 silly packumentCache full:https://registry.npmjs.org/@testing-library%2fdom set size:undefined disposed:false
18 silly fetch manifest @testing-library/jest-dom@^6.6.3
19 silly packumentCache full:https://registry.npmjs.org/@testing-library%2fjest-dom cache-miss
20 http fetch GET 200 https://registry.npmjs.org/@testing-library%2fjest-dom 77ms (cache miss)
21 silly packumentCache full:https://registry.npmjs.org/@testing-library%2fjest-dom set size:undefined disposed:false
22 silly fetch manifest @testing-library/react@^16.1.0
23 silly packumentCache full:https://registry.npmjs.org/@testing-library%2freact cache-miss
24 http fetch GET 200 https://registry.npmjs.org/@testing-library%2freact 67ms (cache miss)
25 silly packumentCache full:https://registry.npmjs.org/@testing-library%2freact set size:undefined disposed:false
26 silly fetch manifest @types/react@^19.0.0
27 silly packumentCache full:https://registry.npmjs.org/@types%2freact cache-miss
28 http fetch GET 200 https://registry.npmjs.org/@types%2freact 88ms (cache miss)
29 silly packumentCache full:https://registry.npmjs.org/@types%2freact set size:undefined disposed:false
30 silly fetch manifest @types/react-dom@^19.0.0
31 silly packumentCache full:https://registry.npmjs.org/@types%2freact-dom cache-miss
32 http fetch GET 200 https://registry.npmjs.org/@types%2freact-dom 63ms (cache miss)
33 silly packumentCache full:https://registry.npmjs.org/@types%2freact-dom set size:undefined disposed:false
34 silly fetch manifest react@^19.1.0
35 silly packumentCache full:https://registry.npmjs.org/react cache-miss
36 http cache https://registry.npmjs.org/react 29ms (cache hit)
37 silly packumentCache full:https://registry.npmjs.org/react set size:5614076 disposed:false
38 silly fetch manifest react-dom@^19.1.0
39 silly packumentCache full:https://registry.npmjs.org/react-dom cache-miss
40 http cache https://registry.npmjs.org/react-dom 38ms (cache hit)
41 silly packumentCache full:https://registry.npmjs.org/react-dom set size:7093805 disposed:false
42 silly fetch manifest @testing-library/user-event@^13.2.1
43 silly packumentCache full:https://registry.npmjs.org/@testing-library%2fuser-event cache-miss
44 http fetch GET 200 https://registry.npmjs.org/@testing-library%2fuser-event 114ms (cache miss)
45 silly packumentCache full:https://registry.npmjs.org/@testing-library%2fuser-event set size:undefined disposed:false
46 silly fetch manifest @types/jest@^27.0.1
47 silly packumentCache full:https://registry.npmjs.org/@types%2fjest cache-miss
48 http fetch GET 200 https://registry.npmjs.org/@types%2fjest 60ms (cache miss)
49 silly packumentCache full:https://registry.npmjs.org/@types%2fjest set size:undefined disposed:false
50 silly fetch manifest @types/node@^16.7.13
51 silly packumentCache full:https://registry.npmjs.org/@types%2fnode cache-miss
52 http cache https://registry.npmjs.org/@types%2fnode 34ms (cache hit)
53 silly packumentCache full:https://registry.npmjs.org/@types%2fnode set size:9814087 disposed:false
54 silly fetch manifest typescript@^4.4.2
55 silly packumentCache full:https://registry.npmjs.org/typescript cache-miss
56 http cache https://registry.npmjs.org/typescript 65ms (cache hit)
57 silly packumentCache full:https://registry.npmjs.org/typescript set size:14082649 disposed:false
58 silly fetch manifest web-vitals@^2.1.0
59 silly packumentCache full:https://registry.npmjs.org/web-vitals cache-miss
60 http fetch GET 200 https://registry.npmjs.org/web-vitals 46ms (cache miss)
61 silly packumentCache full:https://registry.npmjs.org/web-vitals set size:undefined disposed:false
62 silly placeDep ROOT @testing-library/dom@10.4.0 OK for: frontend@0.1.0 want: ^10.4.0
63 silly placeDep ROOT @testing-library/jest-dom@6.6.3 OK for: frontend@0.1.0 want: ^6.6.3
64 silly placeDep ROOT @testing-library/react@16.3.0 OK for: frontend@0.1.0 want: ^16.1.0
65 silly placeDep ROOT @testing-library/user-event@13.5.0 OK for: frontend@0.1.0 want: ^13.2.1
66 silly placeDep ROOT @types/jest@27.5.2 OK for: frontend@0.1.0 want: ^27.0.1
67 silly placeDep ROOT @types/node@16.18.126 REPLACE for: frontend@0.1.0 want: ^16.7.13
68 silly placeDep ROOT @types/react@19.1.2 OK for: frontend@0.1.0 want: ^19.0.0
69 silly placeDep ROOT @types/react-dom@19.1.2 OK for: frontend@0.1.0 want: ^19.0.0
70 silly placeDep ROOT typescript@4.9.5 REPLACE for: frontend@0.1.0 want: ^4.4.2
71 silly placeDep ROOT web-vitals@2.1.4 OK for: frontend@0.1.0 want: ^2.1.0
72 silly fetch manifest lz-string@^1.5.0
73 silly packumentCache full:https://registry.npmjs.org/lz-string cache-miss
74 silly fetch manifest aria-query@5.3.0
75 silly packumentCache full:https://registry.npmjs.org/aria-query cache-miss
76 silly fetch manifest @types/aria-query@^5.0.1
77 silly packumentCache full:https://registry.npmjs.org/@types%2faria-query cache-miss
78 http cache https://registry.npmjs.org/aria-query 13ms (cache hit)
79 silly packumentCache full:https://registry.npmjs.org/aria-query set size:98864 disposed:false
80 silly fetch manifest dom-accessibility-api@^0.5.9
81 silly packumentCache full:https://registry.npmjs.org/dom-accessibility-api cache-miss
82 http fetch GET 200 https://registry.npmjs.org/lz-string 53ms (cache miss)
83 silly packumentCache full:https://registry.npmjs.org/lz-string set size:undefined disposed:false
84 silly fetch manifest @adobe/css-tools@^4.4.0
85 silly packumentCache full:https://registry.npmjs.org/@adobe%2fcss-tools cache-miss
86 http fetch GET 200 https://registry.npmjs.org/@types%2faria-query 79ms (cache miss)
87 silly packumentCache full:https://registry.npmjs.org/@types%2faria-query set size:undefined disposed:false
88 silly fetch manifest chalk@^3.0.0
89 silly packumentCache full:https://registry.npmjs.org/chalk cache-miss
90 http cache https://registry.npmjs.org/chalk 4ms (cache hit)
91 silly packumentCache full:https://registry.npmjs.org/chalk set size:122561 disposed:false
92 silly fetch manifest css.escape@^1.5.1
93 silly packumentCache full:https://registry.npmjs.org/css.escape cache-miss
94 http fetch GET 200 https://registry.npmjs.org/dom-accessibility-api 81ms (cache miss)
95 silly packumentCache full:https://registry.npmjs.org/dom-accessibility-api set size:undefined disposed:false
96 silly fetch manifest dom-accessibility-api@^0.6.3
97 silly packumentCache full:https://registry.npmjs.org/dom-accessibility-api cache-miss
98 http cache https://registry.npmjs.org/dom-accessibility-api 4ms (cache hit)
99 silly packumentCache full:https://registry.npmjs.org/dom-accessibility-api set size:171028 disposed:false
100 silly fetch manifest redent@^3.0.0
101 silly packumentCache full:https://registry.npmjs.org/redent cache-miss
102 http fetch GET 200 https://registry.npmjs.org/@adobe%2fcss-tools 60ms (cache miss)
103 silly packumentCache full:https://registry.npmjs.org/@adobe%2fcss-tools set size:undefined disposed:false
104 silly fetch manifest csstype@^3.0.2
105 silly packumentCache full:https://registry.npmjs.org/csstype cache-miss
106 http fetch GET 200 https://registry.npmjs.org/css.escape 47ms (cache miss)
107 silly packumentCache full:https://registry.npmjs.org/css.escape set size:undefined disposed:false
108 http fetch GET 200 https://registry.npmjs.org/redent 38ms (cache miss)
109 silly packumentCache full:https://registry.npmjs.org/redent set size:undefined disposed:false
110 http fetch GET 200 https://registry.npmjs.org/csstype 41ms (cache miss)
111 silly packumentCache full:https://registry.npmjs.org/csstype set size:undefined disposed:false
112 silly placeDep ROOT @types/aria-query@5.0.4 OK for: @testing-library/dom@10.4.0 want: ^5.0.1
113 silly placeDep node_modules/@testing-library/dom aria-query@5.3.0 OK for: @testing-library/dom@10.4.0 want: 5.3.0
114 silly placeDep ROOT dom-accessibility-api@0.5.16 OK for: @testing-library/dom@10.4.0 want: ^0.5.9
115 silly placeDep ROOT lz-string@1.5.0 OK for: @testing-library/dom@10.4.0 want: ^1.5.0
116 silly fetch manifest dequal@^2.0.3
117 silly packumentCache full:https://registry.npmjs.org/dequal cache-miss
118 http fetch GET 200 https://registry.npmjs.org/dequal 41ms (cache miss)
119 silly packumentCache full:https://registry.npmjs.org/dequal set size:undefined disposed:false
120 silly placeDep ROOT @adobe/css-tools@4.4.2 OK for: @testing-library/jest-dom@6.6.3 want: ^4.4.0
121 silly placeDep node_modules/@testing-library/jest-dom chalk@3.0.0 OK for: @testing-library/jest-dom@6.6.3 want: ^3.0.0
122 silly placeDep ROOT css.escape@1.5.1 OK for: @testing-library/jest-dom@6.6.3 want: ^1.5.1
123 silly placeDep node_modules/@testing-library/jest-dom dom-accessibility-api@0.6.3 OK for: @testing-library/jest-dom@6.6.3 want: ^0.6.3
124 silly placeDep ROOT redent@3.0.0 OK for: @testing-library/jest-dom@6.6.3 want: ^3.0.0
125 silly fetch manifest indent-string@^4.0.0
126 silly packumentCache full:https://registry.npmjs.org/indent-string cache-miss
127 silly fetch manifest strip-indent@^3.0.0
128 silly packumentCache full:https://registry.npmjs.org/strip-indent cache-miss
129 http fetch GET 200 https://registry.npmjs.org/indent-string 38ms (cache miss)
130 silly packumentCache full:https://registry.npmjs.org/indent-string set size:undefined disposed:false
131 http fetch GET 200 https://registry.npmjs.org/strip-indent 39ms (cache miss)
132 silly packumentCache full:https://registry.npmjs.org/strip-indent set size:undefined disposed:false
133 silly placeDep ROOT csstype@3.1.3 OK for: @types/react@19.1.2 want: ^3.0.2
134 silly placeDep ROOT indent-string@4.0.0 OK for: redent@3.0.0 want: ^4.0.0
135 silly placeDep ROOT strip-indent@3.0.0 OK for: redent@3.0.0 want: ^3.0.0
136 silly fetch manifest min-indent@^1.0.0
137 silly packumentCache full:https://registry.npmjs.org/min-indent cache-miss
138 http fetch GET 200 https://registry.npmjs.org/min-indent 242ms (cache miss)
139 silly packumentCache full:https://registry.npmjs.org/min-indent set size:undefined disposed:false
140 silly placeDep ROOT min-indent@1.0.1 OK for: strip-indent@3.0.0 want: ^1.0.0
141 silly placeDep ROOT dequal@2.0.3 OK for: aria-query@5.3.0 want: ^2.0.3
142 silly reify mark retired [
142 silly reify   '/home/ubuntu/user-access-management-system/frontend/node_modules/@types/node'
142 silly reify ]
143 silly reify mark retired [
143 silly reify   '/home/ubuntu/user-access-management-system/frontend/node_modules/typescript',
143 silly reify   '/home/ubuntu/user-access-management-system/frontend/node_modules/.bin/tsc',
143 silly reify   '/home/ubuntu/user-access-management-system/frontend/node_modules/.bin/tsserver'
143 silly reify ]
144 silly reify mark retired [
144 silly reify   '/home/ubuntu/user-access-management-system/frontend/node_modules/undici-types'
144 silly reify ]
145 silly reify moves {
145 silly reify   '/home/ubuntu/user-access-management-system/frontend/node_modules/@types/node': '/home/ubuntu/user-access-management-system/frontend/node_modules/@types/.node-Mu4Y6NCa',
145 silly reify   '/home/ubuntu/user-access-management-system/frontend/node_modules/typescript': '/home/ubuntu/user-access-management-system/frontend/node_modules/.typescript-zsC89yV6',
145 silly reify   '/home/ubuntu/user-access-management-system/frontend/node_modules/.bin/tsc': '/home/ubuntu/user-access-management-system/frontend/node_modules/.bin/.tsc-EzcxheaL',
145 silly reify   '/home/ubuntu/user-access-management-system/frontend/node_modules/.bin/tsserver': '/home/ubuntu/user-access-management-system/frontend/node_modules/.bin/.tsserver-a0H3YC74',
145 silly reify   '/home/ubuntu/user-access-management-system/frontend/node_modules/undici-types': '/home/ubuntu/user-access-management-system/frontend/node_modules/.undici-types-wM0cqnOn'
145 silly reify }
146 verbose reify failed optional dependency /home/ubuntu/user-access-management-system/frontend/node_modules/fsevents
147 silly reify mark deleted [
147 silly reify   '/home/ubuntu/user-access-management-system/frontend/node_modules/fsevents'
147 silly reify ]
148 http cache min-indent@https://registry.npmjs.org/min-indent/-/min-indent-1.0.1.tgz 0ms (cache hit)
149 http cache dequal@https://registry.npmjs.org/dequal/-/dequal-2.0.3.tgz 0ms (cache hit)
150 http cache strip-indent@https://registry.npmjs.org/strip-indent/-/strip-indent-3.0.0.tgz 0ms (cache hit)
151 http cache indent-string@https://registry.npmjs.org/indent-string/-/indent-string-4.0.0.tgz 0ms (cache hit)
152 http cache csstype@https://registry.npmjs.org/csstype/-/csstype-3.1.3.tgz 0ms (cache hit)
153 http cache redent@https://registry.npmjs.org/redent/-/redent-3.0.0.tgz 0ms (cache hit)
154 http cache css.escape@https://registry.npmjs.org/css.escape/-/css.escape-1.5.1.tgz 0ms (cache hit)
155 http cache @adobe/css-tools@https://registry.npmjs.org/@adobe/css-tools/-/css-tools-4.4.2.tgz 0ms (cache hit)
156 http cache lz-string@https://registry.npmjs.org/lz-string/-/lz-string-1.5.0.tgz 0ms (cache hit)
157 http cache dom-accessibility-api@https://registry.npmjs.org/dom-accessibility-api/-/dom-accessibility-api-0.5.16.tgz 0ms (cache hit)
158 http cache @types/aria-query@https://registry.npmjs.org/@types/aria-query/-/aria-query-5.0.4.tgz 0ms (cache hit)
159 http cache web-vitals@https://registry.npmjs.org/web-vitals/-/web-vitals-2.1.4.tgz 0ms (cache hit)
160 http cache @types/react-dom@https://registry.npmjs.org/@types/react-dom/-/react-dom-19.1.2.tgz 0ms (cache hit)
161 http cache @types/react@https://registry.npmjs.org/@types/react/-/react-19.1.2.tgz 0ms (cache hit)
162 http cache @testing-library/react@https://registry.npmjs.org/@testing-library/react/-/react-16.3.0.tgz 0ms (cache hit)
163 http cache @testing-library/user-event@https://registry.npmjs.org/@testing-library/user-event/-/user-event-13.5.0.tgz 0ms (cache hit)
164 http cache @testing-library/jest-dom@https://registry.npmjs.org/@testing-library/jest-dom/-/jest-dom-6.6.3.tgz 0ms (cache hit)
165 http cache @testing-library/dom@https://registry.npmjs.org/@testing-library/dom/-/dom-10.4.0.tgz 0ms (cache hit)
166 http cache typescript@https://registry.npmjs.org/typescript/-/typescript-4.9.5.tgz 0ms (cache hit)
167 http cache @types/jest@https://registry.npmjs.org/@types/jest/-/jest-27.5.2.tgz 0ms (cache hit)
168 http cache @types/node@https://registry.npmjs.org/@types/node/-/node-16.18.126.tgz 0ms (cache hit)
169 http cache dom-accessibility-api@https://registry.npmjs.org/dom-accessibility-api/-/dom-accessibility-api-0.6.3.tgz 0ms (cache hit)
170 http cache aria-query@https://registry.npmjs.org/aria-query/-/aria-query-5.3.0.tgz 0ms (cache hit)
171 http cache chalk@https://registry.npmjs.org/chalk/-/chalk-3.0.0.tgz 0ms (cache hit)
172 silly tarball no local data for min-indent@https://registry.npmjs.org/min-indent/-/min-indent-1.0.1.tgz. Extracting by manifest.
173 silly tarball no local data for dequal@https://registry.npmjs.org/dequal/-/dequal-2.0.3.tgz. Extracting by manifest.
174 silly tarball no local data for strip-indent@https://registry.npmjs.org/strip-indent/-/strip-indent-3.0.0.tgz. Extracting by manifest.
175 silly tarball no local data for indent-string@https://registry.npmjs.org/indent-string/-/indent-string-4.0.0.tgz. Extracting by manifest.
176 silly tarball no local data for csstype@https://registry.npmjs.org/csstype/-/csstype-3.1.3.tgz. Extracting by manifest.
177 silly tarball no local data for redent@https://registry.npmjs.org/redent/-/redent-3.0.0.tgz. Extracting by manifest.
178 silly tarball no local data for css.escape@https://registry.npmjs.org/css.escape/-/css.escape-1.5.1.tgz. Extracting by manifest.
179 silly tarball no local data for @adobe/css-tools@https://registry.npmjs.org/@adobe/css-tools/-/css-tools-4.4.2.tgz. Extracting by manifest.
180 silly tarball no local data for lz-string@https://registry.npmjs.org/lz-string/-/lz-string-1.5.0.tgz. Extracting by manifest.
181 silly tarball no local data for dom-accessibility-api@https://registry.npmjs.org/dom-accessibility-api/-/dom-accessibility-api-0.5.16.tgz. Extracting by manifest.
182 silly tarball no local data for @types/aria-query@https://registry.npmjs.org/@types/aria-query/-/aria-query-5.0.4.tgz. Extracting by manifest.
183 silly tarball no local data for web-vitals@https://registry.npmjs.org/web-vitals/-/web-vitals-2.1.4.tgz. Extracting by manifest.
184 silly tarball no local data for @types/react-dom@https://registry.npmjs.org/@types/react-dom/-/react-dom-19.1.2.tgz. Extracting by manifest.
185 silly tarball no local data for @types/react@https://registry.npmjs.org/@types/react/-/react-19.1.2.tgz. Extracting by manifest.
186 silly tarball no local data for @testing-library/react@https://registry.npmjs.org/@testing-library/react/-/react-16.3.0.tgz. Extracting by manifest.
187 silly tarball no local data for @testing-library/user-event@https://registry.npmjs.org/@testing-library/user-event/-/user-event-13.5.0.tgz. Extracting by manifest.
188 silly tarball no local data for @testing-library/jest-dom@https://registry.npmjs.org/@testing-library/jest-dom/-/jest-dom-6.6.3.tgz. Extracting by manifest.
189 silly tarball no local data for @testing-library/dom@https://registry.npmjs.org/@testing-library/dom/-/dom-10.4.0.tgz. Extracting by manifest.
190 silly tarball no local data for typescript@https://registry.npmjs.org/typescript/-/typescript-4.9.5.tgz. Extracting by manifest.
191 silly tarball no local data for @types/jest@https://registry.npmjs.org/@types/jest/-/jest-27.5.2.tgz. Extracting by manifest.
192 silly tarball no local data for @types/node@https://registry.npmjs.org/@types/node/-/node-16.18.126.tgz. Extracting by manifest.
193 silly tarball no local data for dom-accessibility-api@https://registry.npmjs.org/dom-accessibility-api/-/dom-accessibility-api-0.6.3.tgz. Extracting by manifest.
194 silly tarball no local data for aria-query@https://registry.npmjs.org/aria-query/-/aria-query-5.3.0.tgz. Extracting by manifest.
195 silly tarball no local data for chalk@https://registry.npmjs.org/chalk/-/chalk-3.0.0.tgz. Extracting by manifest.
196 http fetch GET 200 https://registry.npmjs.org/min-indent/-/min-indent-1.0.1.tgz 325ms (cache miss)
197 http fetch GET 200 https://registry.npmjs.org/strip-indent/-/strip-indent-3.0.0.tgz 331ms (cache miss)
198 http fetch GET 200 https://registry.npmjs.org/dequal/-/dequal-2.0.3.tgz 336ms (cache miss)
199 http fetch GET 200 https://registry.npmjs.org/indent-string/-/indent-string-4.0.0.tgz 342ms (cache miss)
200 http fetch GET 200 https://registry.npmjs.org/css.escape/-/css.escape-1.5.1.tgz 358ms (cache miss)
201 http fetch GET 200 https://registry.npmjs.org/redent/-/redent-3.0.0.tgz 360ms (cache miss)
202 http fetch GET 200 https://registry.npmjs.org/@types/aria-query/-/aria-query-5.0.4.tgz 373ms (cache miss)
203 http fetch GET 200 https://registry.npmjs.org/@types/jest/-/jest-27.5.2.tgz 370ms (cache miss)
204 http fetch GET 200 https://registry.npmjs.org/@types/react-dom/-/react-dom-19.1.2.tgz 397ms (cache miss)
205 http fetch GET 200 https://registry.npmjs.org/chalk/-/chalk-3.0.0.tgz 422ms (cache miss)
206 http fetch GET 200 https://registry.npmjs.org/@adobe/css-tools/-/css-tools-4.4.2.tgz 482ms (cache miss)
207 http fetch GET 200 https://registry.npmjs.org/lz-string/-/lz-string-1.5.0.tgz 504ms (cache miss)
208 http fetch GET 200 https://registry.npmjs.org/@testing-library/jest-dom/-/jest-dom-6.6.3.tgz 636ms (cache miss)
209 http fetch GET 200 https://registry.npmjs.org/@testing-library/react/-/react-16.3.0.tgz 642ms (cache miss)
210 http fetch GET 200 https://registry.npmjs.org/dom-accessibility-api/-/dom-accessibility-api-0.6.3.tgz 695ms (cache miss)
211 http fetch GET 200 https://registry.npmjs.org/dom-accessibility-api/-/dom-accessibility-api-0.5.16.tgz 711ms (cache miss)
212 http fetch GET 200 https://registry.npmjs.org/web-vitals/-/web-vitals-2.1.4.tgz 717ms (cache miss)
213 http fetch GET 200 https://registry.npmjs.org/csstype/-/csstype-3.1.3.tgz 731ms (cache miss)
214 http fetch GET 200 https://registry.npmjs.org/@types/react/-/react-19.1.2.tgz 730ms (cache miss)
215 http fetch GET 200 https://registry.npmjs.org/@testing-library/user-event/-/user-event-13.5.0.tgz 768ms (cache miss)
216 http fetch GET 200 https://registry.npmjs.org/aria-query/-/aria-query-5.3.0.tgz 796ms (cache miss)
217 http fetch GET 200 https://registry.npmjs.org/@testing-library/dom/-/dom-10.4.0.tgz 811ms (cache miss)
218 http fetch GET 200 https://registry.npmjs.org/@types/node/-/node-16.18.126.tgz 813ms (cache miss)
219 http fetch GET 200 https://registry.npmjs.org/typescript/-/typescript-4.9.5.tgz 1768ms (cache miss)
220 silly ADD node_modules/dequal
221 silly ADD node_modules/min-indent
222 silly ADD node_modules/strip-indent
223 silly ADD node_modules/indent-string
224 silly ADD node_modules/csstype
225 silly ADD node_modules/redent
226 silly ADD node_modules/css.escape
227 silly ADD node_modules/@adobe/css-tools
228 silly ADD node_modules/lz-string
229 silly ADD node_modules/dom-accessibility-api
230 silly ADD node_modules/@types/aria-query
231 silly ADD node_modules/web-vitals
232 silly ADD node_modules/@types/react-dom
233 silly ADD node_modules/@types/react
234 silly ADD node_modules/@types/jest
235 silly ADD node_modules/@testing-library/user-event
236 silly ADD node_modules/@testing-library/react
237 silly ADD node_modules/@testing-library/jest-dom
238 silly ADD node_modules/@testing-library/jest-dom/node_modules/dom-accessibility-api
239 silly ADD node_modules/@testing-library/jest-dom/node_modules/chalk
240 silly ADD node_modules/@testing-library/dom
241 silly ADD node_modules/@testing-library/dom/node_modules/aria-query
242 silly ADD
243 silly REMOVE node_modules/undici-types
244 silly CHANGE node_modules/typescript
245 silly CHANGE node_modules/@types/node
246 verbose cwd /home/ubuntu/user-access-management-system/frontend
247 verbose os Linux 6.1.102
248 verbose node v22.13.0
249 verbose npm  v10.9.2
250 verbose exit 0
251 info ok
