2025-04-19 02:47:14.022 [info] Extension host with pid 28232 started
2025-04-19 02:47:14.022 [error] Error: EEXIST: file already exists, open '/home/ubuntu/.local/share/code-server/User/workspaceStorage/-3c81b02a/vscode.lock'
2025-04-19 02:47:14.026 [info] Lock '/home/ubuntu/.local/share/code-server/User/workspaceStorage/-3c81b02a/vscode.lock': Could not acquire lock, checking if the file is stale.
2025-04-19 02:47:14.033 [info] Lock '/home/ubuntu/.local/share/code-server/User/workspaceStorage/-3c81b02a/vscode.lock': The lock does not look stale, elapsed: 151 ms, giving up.
2025-04-19 02:47:14.048 [info] Lock '/home/ubuntu/.local/share/code-server/User/workspaceStorage/-3c81b02a-1/vscode.lock': Lock acquired.
2025-04-19 02:47:14.486 [info] ExtensionService#_doActivateExtension vscode.emmet, startup: false, activationEvent: 'onLanguage'
2025-04-19 02:47:14.487 [info] ExtensionService#_doActivateExtension vscode.configuration-editing, startup: false, activationEvent: 'onLanguage:jsonc'
2025-04-19 02:47:14.488 [info] ExtensionService#_doActivateExtension vscode.json-language-features, startup: false, activationEvent: 'onLanguage:jsonc'
2025-04-19 02:47:14.488 [info] ExtensionService#_doActivateExtension vscode.typescript-language-features, startup: false, activationEvent: 'onLanguage:jsonc'
2025-04-19 02:47:15.502 [info] ExtensionService#_doActivateExtension vscode.git-base, startup: true, activationEvent: '*', root cause: vscode.git
2025-04-19 02:47:15.817 [info] ExtensionService#_doActivateExtension vscode.git, startup: true, activationEvent: '*'
2025-04-19 02:47:15.817 [info] ExtensionService#_doActivateExtension vscode.github, startup: true, activationEvent: '*'
2025-04-19 02:47:16.362 [info] Eager extensions activated
2025-04-19 02:47:16.362 [info] ExtensionService#_doActivateExtension vscode.debug-auto-launch, startup: false, activationEvent: 'onStartupFinished'
2025-04-19 02:47:16.363 [info] ExtensionService#_doActivateExtension vscode.merge-conflict, startup: false, activationEvent: 'onStartupFinished'
2025-04-19 02:47:16.811 [warning] [Decorations] CAPPING events from decorations provider vscode.git 10000
2025-04-19 02:47:18.567 [info] ExtensionService#_doActivateExtension vscode.github-authentication, startup: false, activationEvent: 'onAuthenticationRequest:github'
2025-04-19 02:47:18.852 [warning] [Decorations] CAPPING events from decorations provider vscode.git 10000
2025-04-19 02:48:02.377 [info] ExtensionService#_doActivateExtension ms-vscode.js-debug, startup: false, activationEvent: 'onTerminalProfile:extension.js-debug.debugTerminal'
2025-04-19 02:49:32.158 [warning] [Decorations] CAPPING events from decorations provider vscode.git 350
2025-04-19 02:49:35.681 [info] ExtensionService#_doActivateExtension vscode.extension-editing, startup: false, activationEvent: 'onLanguage:json'
2025-04-19 02:49:35.681 [info] ExtensionService#_doActivateExtension vscode.npm, startup: false, activationEvent: 'onLanguage:json'
2025-04-19 02:49:35.837 [info] ExtensionService#_doActivateExtension vscode.markdown-language-features, startup: false, activationEvent: 'onLanguage:markdown'
2025-04-19 02:49:40.233 [info] ExtensionService#_doActivateExtension vscode.markdown-math, startup: false, activationEvent: 'api', root cause: vscode.markdown-language-features
2025-04-19 02:49:48.152 [warning] [Decorations] CAPPING events from decorations provider vscode.git 350
2025-04-19 02:58:59.552 [warning] [Decorations] CAPPING events from decorations provider vscode.git 10000
