2025-04-19 02:09:50.737 [info] [main] Log level: Info
2025-04-19 02:09:50.737 [info] [main] Validating found git in: "git"
2025-04-19 02:09:50.737 [info] [main] Using git "2.34.1" from "git"
2025-04-19 02:09:50.737 [info] [Model][doInitialScan] Initial repository scan started
2025-04-19 02:09:50.737 [info] > git rev-parse --show-toplevel [9ms]
2025-04-19 02:09:50.737 [info] fatal: not a git repository (or any of the parent directories): .git
2025-04-19 02:09:50.737 [info] > git rev-parse --show-toplevel [3ms]
2025-04-19 02:09:50.737 [info] fatal: not a git repository (or any of the parent directories): .git
2025-04-19 02:09:50.737 [info] > git rev-parse --show-toplevel [2ms]
2025-04-19 02:09:50.737 [info] fatal: not a git repository (or any of the parent directories): .git
2025-04-19 02:09:50.737 [info] > git rev-parse --show-toplevel [2ms]
2025-04-19 02:09:50.737 [info] fatal: not a git repository (or any of the parent directories): .git
2025-04-19 02:09:50.737 [info] > git rev-parse --show-toplevel [2ms]
2025-04-19 02:09:50.737 [info] fatal: not a git repository (or any of the parent directories): .git
2025-04-19 02:09:50.737 [info] > git rev-parse --show-toplevel [2ms]
2025-04-19 02:09:50.737 [info] fatal: not a git repository (or any of the parent directories): .git
2025-04-19 02:09:50.737 [info] > git rev-parse --show-toplevel [2ms]
2025-04-19 02:09:50.737 [info] > git rev-parse --git-dir --git-common-dir [3ms]
2025-04-19 02:09:50.737 [info] [Model][openRepository] Opened repository: /home/ubuntu/.nvm
2025-04-19 02:09:50.737 [info] > git config --get commit.template [3ms]
2025-04-19 02:09:50.737 [info] > git rev-parse --show-toplevel [5ms]
2025-04-19 02:09:50.737 [info] fatal: not a git repository (or any of the parent directories): .git
2025-04-19 02:09:50.737 [info] > git for-each-ref --format %(refname)%00%(objectname)%00%(*objectname) refs/tags [5ms]
2025-04-19 02:09:50.737 [info] > git rev-parse --show-toplevel [8ms]
2025-04-19 02:09:50.737 [info] fatal: not a git repository (or any of the parent directories): .git
2025-04-19 02:09:50.737 [info] > git for-each-ref --sort -committerdate --format %(refname)%00%(objectname)%00%(*objectname) [6ms]
2025-04-19 02:09:50.737 [info] > git rev-parse --show-toplevel [6ms]
2025-04-19 02:09:50.737 [info] fatal: not a git repository (or any of the parent directories): .git
2025-04-19 02:09:50.737 [info] > git rev-parse --show-toplevel [2ms]
2025-04-19 02:09:50.737 [info] fatal: not a git repository (or any of the parent directories): .git
2025-04-19 02:09:50.737 [info] > git status -z -uall [23ms]
2025-04-19 02:09:50.737 [info] > git rev-parse --show-toplevel [26ms]
2025-04-19 02:09:50.737 [info] fatal: not a git repository (or any of the parent directories): .git
2025-04-19 02:09:50.737 [info] [Model][doInitialScan] Initial repository scan completed - repositories (1), closed repositories (0), parent repositories (0), unsafe repositories (0)
2025-04-19 02:09:50.737 [info] > git config --get commit.template [5ms]
2025-04-19 02:09:50.737 [info] > git for-each-ref --format %(refname)%00%(objectname)%00%(*objectname) refs/tags [4ms]
2025-04-19 02:09:50.737 [info] > git for-each-ref --sort -committerdate --format %(refname)%00%(objectname)%00%(*objectname) [11ms]
2025-04-19 02:09:50.745 [info] > git status -z -uall [30ms]
2025-04-19 02:09:51.267 [info] > git rev-parse --show-toplevel [3ms]
2025-04-19 02:09:51.385 [info] > git check-ignore -v -z --stdin [3ms]
2025-04-19 02:11:02.005 [info] > git rev-parse --show-toplevel [2ms]
2025-04-19 02:11:02.005 [info] fatal: not a git repository (or any of the parent directories): .git
2025-04-19 02:11:36.202 [info] > git rev-parse --show-toplevel [20ms]
2025-04-19 02:11:36.202 [info] fatal: not a git repository (or any of the parent directories): .git
2025-04-19 02:11:57.007 [info] > git rev-parse --show-toplevel [3ms]
2025-04-19 02:11:57.007 [info] fatal: not a git repository (or any of the parent directories): .git
